ro_prop_stations_at_begin_or_end; 18
ro_prop_trips; 185
ro_trips_feasible; true
vs_average_waiting_time; 707.66355
vs_circulations; 36
vs_cost; 3605624.25
vs_empty_cost; 3600910.75
vs_empty_distance_with_depot; 98
vs_empty_distance_without_depot; 98
vs_empty_duration_driving_with_depot; 34260
vs_empty_duration_driving_without_depot; 34260
vs_empty_duration_standing; 75720
vs_empty_trips_with_depot; 42
vs_empty_trips_without_depot; 42
vs_feasible; true
vs_full_distance; 1714
vs_full_duration; 308520
vs_maximal_waiting_time; 1680
vs_minimal_waiting_time; 0
vs_vehicles; 36
