joint.lc_cost; 267.39
joint.lc_number_of_directed_lines; 6
joint.lc_rc_cost; 427.39
joint.lc_rc_feasible; False
joint.lc_rc_uncapacitated_changes; 2200
joint.lc_rc_uncapacitated_intermodal_changes; 530
joint.lc_rc_uncapacitated_time_average; 16.16795
joint.lc_rc_uncapacitated_total_travel_time; 251735
joint.rc_average_rp_percentage; 0.54491
joint.rc_cost; 160
joint.rc_max_rp_percentage; 1
joint.rc_min_rp_percentage; 0
joint.rc_number_of_areas; 5
joint.rc_ridepooling_percentage; 0.33627
joint.rc_var_rp_percentage; 0.17766
line.lc_cost; 267.39
line.lc_number_of_directed_lines; 6
line.lc_rc_uncapacitated_changes; 300
line.lc_rc_uncapacitated_total_travel_time; 122735
ridepooling.lc_rc_uncapacitated_changes; 1370
ridepooling.lc_rc_uncapacitated_total_travel_time; 105150
ridepooling.rc_cost; 160
ridepooling.rc_edges_average; 4.86567
ridepooling.rc_edges_max; 9
ridepooling.rc_edges_min; 2
ridepooling.rc_edges_var; 4.23569
ridepooling.rc_number_of_areas; 5
ridepooling.rc_vehicle_frequencies_average; 2.75009
ridepooling.rc_vehicle_frequencies_max; 27.097
ridepooling.rc_vehicle_frequencies_min; 0.101
ridepooling.rc_vehicle_frequencies_var; 9.54424
ridepooling.rc_vehicles_average; 0.1194
ridepooling.rc_vehicles_max; 2
ridepooling.rc_vehicles_min; 0
ridepooling.rc_vehicles_var; 0.1947
