ean_prop_activities; 2256
ean_prop_activities_change; 1740
ean_prop_activities_drive; 246
ean_prop_activities_headway; 0
ean_prop_activities_od; 588
ean_prop_activities_od_change; 163
ean_prop_activities_od_drive; 237
ean_prop_activities_od_wait; 188
ean_prop_activities_wait; 194
ean_prop_events; 492
ean_prop_events_arrival; 246
ean_prop_events_departure; 246
ean_time_average; 9.42
lc_average_distance; 5.55
lc_average_edges; 4.72
lc_average_length; 9.44
lc_cost; 1318.45
lc_feasible; True
lc_min_distance; 2
lc_min_edges; 1
lc_min_length; 2
lc_obj_game; 511
lc_prop_directed_lines; 36
lc_prop_freq_max; 3
lc_time_average_without_transfers; 20.38
lc_uncapacitated_direct_travelers; 1700
lc_var_distance; 4.95
lc_var_edges; 2.76
lc_var_length; 11.02
lpool_average_distance; 254.94
lpool_average_edges; 4.49
lpool_average_length; 8.97
lpool_cost; 1976.25
lpool_feasible_circles; true
lpool_feasible_od; true
lpool_min_distance; 100
lpool_min_edges; 1
lpool_min_length; 2
lpool_prop_directed_lines; 78
lpool_time_average; 20.17
lpool_var_distance; 11674.69
lpool_var_edges; 2.51
lpool_var_length; 10.02
od_prop_entries_greater_zero; 567
od_prop_overall_sum; 2546
ptn_feasible_od; true
ptn_obj_stops; 25
ptn_prop_edges; 40
ptn_time_average; 19.43
tim_feasible; true
tim_obj_ptt1; 56628
tim_obj_slack_average; 22.29
tim_perceived_time_average; 19.37
tim_time_average; 17.42
dm_feasible; true
dm_obj_changes_missed_od; 12
dm_obj_delay_events_average; 40.12474645030426
dm_obj_dm2; 398668
dm_obj_dm2_average; 156.586017282011
dm_prop_events_delayed; 165
dm_prop_headways_swapped; 0
dm_time_average; 3475.5591123330723
