green.ean_prop_activities; 36
green.ean_prop_activities_change; 6
green.ean_prop_activities_drive; 6
green.ean_prop_activities_feas; 6
green.ean_prop_activities_nonscheduled; 24
green.ean_prop_activities_objective; 6
green.ean_prop_activities_od; 6
green.ean_prop_activities_od_drive; 6
green.ean_prop_changes_od_max; -
green.ean_prop_changes_od_min; -
green.ean_prop_events; 12
green.ean_prop_events_arrival; 6
green.ean_prop_events_departure; 6
green.ean_prop_headways_dep; True
green.ean_prop_headways_interstation; False
green.ean_time_average; 4
green.lc_cost; 152.55
green.lc_number_of_directed_lines; 6
green.lc_rc_uncapacitated_changes; 0
green.lc_rc_uncapacitated_total_travel_time; 306
green.obj_stops; 3
green.prop_edges; 3
green.tim_number_of_transfers; 0
green.tim_perceived_time_average; 1.15179
green.tim_prop_changes_od_max; -
green.tim_prop_changes_od_min; -
green.tim_time_average; 1.15179
joint.ean_max_load_factor; 0.28571
joint.ean_prop_activities; 260
joint.ean_prop_activities_change; 18
joint.ean_prop_activities_drive; 12
joint.ean_prop_activities_feas; 14
joint.ean_prop_activities_nonscheduled; 228
joint.ean_prop_activities_objective; 19
joint.ean_prop_activities_od; 19
joint.ean_prop_activities_od_drive; 12
joint.ean_prop_activities_od_nonscheduled; 5
joint.ean_prop_activities_od_wait; 2
joint.ean_prop_activities_wait; 2
joint.ean_prop_changes_od_max; -
joint.ean_prop_changes_od_min; -
joint.ean_prop_events; 34
joint.ean_prop_events_arrival; 17
joint.ean_prop_events_departure; 17
joint.ean_prop_headways_dep; True
joint.ean_prop_headways_interstation; False
joint.ean_time_average; 8.3069
joint.feasible_od; True
joint.lc_cost; 254.5
joint.lc_number_of_directed_lines; 10
joint.lc_rc_cost; 254.5
joint.lc_rc_uncapacitated_changes; 0
joint.lc_rc_uncapacitated_intermodal_changes; 0
joint.lc_rc_uncapacitated_time_average; 15.87054
joint.lc_rc_uncapacitated_total_travel_time; 1777.5
joint.obj_stops; 17
joint.prop_edges; 29
joint.rc_average_rp_percentage; 0
joint.rc_cost; 0
joint.rc_max_rp_percentage; 0
joint.rc_min_rp_percentage; 0
joint.rc_number_of_areas; 0
joint.rc_ridepooling_percentage; 0
joint.rc_var_rp_percentage; 0
joint.tim_feasible; True
joint.tim_number_of_intermodal_transfers; 0
joint.tim_number_of_transfers; 0
joint.tim_obj_ptt1; 243
joint.tim_obj_slack_average; 46.84722
joint.tim_obj_slack_drive_average; 0
joint.tim_obj_slack_wait_average; 0
joint.tim_overcrowded_time_average; 0
joint.tim_perceived_time_average; 12.66071
joint.tim_prop_intermodal_changes_od_max; -
joint.tim_prop_intermodal_changes_od_min; -
joint.tim_time_average; 4.26786
joint.time_average; 4.3
joint.transfers_average; 0
nonscheduled.ean_prop_activities; 0
nonscheduled.ean_prop_activities_feas; 0
nonscheduled.ean_prop_activities_objective; 0
nonscheduled.ean_prop_activities_od; 0
nonscheduled.ean_prop_changes_od_max; -
nonscheduled.ean_prop_changes_od_min; -
nonscheduled.ean_prop_events; 0
nonscheduled.ean_prop_headways_dep; True
nonscheduled.ean_prop_headways_interstation; False
nonscheduled.ean_time_average; 25
nonscheduled.lc_rc_uncapacitated_changes; 0
nonscheduled.lc_rc_uncapacitated_total_travel_time; 1306
nonscheduled.obj_stops; 5
nonscheduled.prop_edges; 10
nonscheduled.tim_perceived_time_average; 10.49107
nonscheduled.tim_time_average; 2.09821
red.ean_prop_activities; 36
red.ean_prop_activities_change; 4
red.ean_prop_activities_drive; 6
red.ean_prop_activities_feas; 8
red.ean_prop_activities_nonscheduled; 24
red.ean_prop_activities_objective; 10
red.ean_prop_activities_od; 10
red.ean_prop_activities_od_drive; 6
red.ean_prop_activities_od_nonscheduled; 2
red.ean_prop_activities_od_wait; 2
red.ean_prop_activities_wait; 2
red.ean_prop_changes_od_max; -
red.ean_prop_changes_od_min; -
red.ean_prop_events; 12
red.ean_prop_events_arrival; 6
red.ean_prop_events_departure; 6
red.ean_prop_headways_dep; True
red.ean_prop_headways_interstation; False
red.ean_time_average; 2.50833
red.lc_cost; 101.95
red.lc_number_of_directed_lines; 4
red.lc_rc_uncapacitated_changes; 0
red.lc_rc_uncapacitated_total_travel_time; 165.5
red.obj_stops; 4
red.prop_edges; 4
red.tim_number_of_transfers; 0
red.tim_perceived_time_average; 1.01786
red.tim_prop_changes_od_max; -
red.tim_prop_changes_od_min; -
red.tim_time_average; 1.01786
